error[E0515]: cannot return reference to local variable `x`
  --> $DIR/polonius-smoke-test.rs:7:5
   |
LL |     &x
   |     ^^ returns a reference to data owned by the current function

error[E0503]: cannot use `x` because it was mutably borrowed
  --> $DIR/polonius-smoke-test.rs:13:13
   |
LL |     let y = &mut x;
   |             ------ borrow of `x` occurs here
LL |     let z = x;
   |             ^ use of borrowed `x`
LL |     let w = y;
   |             - borrow later used here

error[E0499]: cannot borrow `*x` as mutable more than once at a time
  --> $DIR/polonius-smoke-test.rs:19:13
   |
LL | pub fn use_while_mut_fr(x: &mut i32) -> &mut i32 {
   |                            - let's call the lifetime of this reference `'1`
LL |     let y = &mut *x;
   |             ------- first mutable borrow occurs here
LL |     let z = x;
   |             ^ second mutable borrow occurs here
LL |     y
   |     - returning this value requires that `*x` is borrowed for `'1`

error[E0499]: cannot borrow `*s` as mutable more than once at a time
  --> $DIR/polonius-smoke-test.rs:43:5
   |
LL |     let r = &mut *s;
   |             ------- first mutable borrow occurs here
LL |     let tmp = foo(&r);
LL |     s;
   |     ^ second mutable borrow occurs here
LL |     tmp;
   |     --- first borrow later used here

error: aborting due to 4 previous errors

Some errors have detailed explanations: E0499, E0503, E0515.
For more information about an error, try `rustc --explain E0499`.
